###############################################################################
#                                                                             #
# IAR ELF Linker V1.40.1.50106 for STM8                 01/Nov/2016  18:38:36 #
# Copyright 2010-2013 IAR Systems AB.                                         #
#                                                                             #
#    Output file  =  D:\projects\easyRTOS\Debug\Exe\templproj.out             #
#    Map file     =  D:\projects\easyRTOS\Debug\List\templproj.map            #
#    Command line =  D:\projects\easyRTOS\Debug\Obj\easyRTOSMm.o              #
#                    D:\projects\easyRTOS\Debug\Obj\easyRTOSQueue.o           #
#                    D:\projects\easyRTOS\Debug\Obj\easyRTOSSem.o             #
#                    D:\projects\easyRTOS\Debug\Obj\easyRTOSTimer.o           #
#                    D:\projects\easyRTOS\Debug\Obj\easyRTOSkernel.o          #
#                    D:\projects\easyRTOS\Debug\Obj\easyRTOSport.o            #
#                    D:\projects\easyRTOS\Debug\Obj\easyRTOSportAsm.o         #
#                    D:\projects\easyRTOS\Debug\Obj\queueTestmain.o           #
#                    D:\projects\easyRTOS\Debug\Obj\stm8s_clk.o               #
#                    D:\projects\easyRTOS\Debug\Obj\stm8s_gpio.o              #
#                    D:\projects\easyRTOS\Debug\Obj\stm8s_itc.o               #
#                    D:\projects\easyRTOS\Debug\Obj\stm8s_tim3.o --redirect   #
#                    _Printf=_PrintfFullNoMb --redirect                       #
#                    _Scanf=_ScanfFullNoMb -o D:\projects\easyRTOS\Debug\Exe\ #
#                    templproj.out --map D:\projects\easyRTOS\Debug\List\temp #
#                    lproj.map --config "D:\Program Files (x86)\IAR           #
#                    Systems\Embedded Workbench 6.5\stm8\config\lnkstm8s207r8 #
#                    .icf" --config_def _CSTACK_SIZE=0x100 --config_def       #
#                    _HEAP_SIZE=0x100 --entry __iar_program_start --debug_lib #
#                                                                             #
#                                                                             #
###############################################################################

*******************************************************************************
*** RUNTIME MODEL ATTRIBUTES
***

__SystemLibrary            = DLib
__code_model               = small
__core                     = stm8
__data_model               = medium
__dlib_file_descriptor     = 0
__dlib_full_locale_support = 0
__rt_version               = 4


*******************************************************************************
*** PLACEMENT SUMMARY
***

"A1":  place at start of [0x000000-0x0000ff] { rw section .vregs };
"A2":  place at end of [0x000000-0x0017ff] { block CSTACK };
"P2":  place in [from 0x000000 to 0x0017ff] {
          block HEAP, rw section .far.bss, rw section .far.data,
          rw section .far.noinit, rw section .far_func.textrw,
          rw section .huge.bss, rw section .huge.data, rw section .huge.noinit,
          rw section .huge_func.textrw, rw section .iar.dynexit,
          rw section .near.bss, rw section .near.data, rw section .near.noinit,
          rw section .near_func.textrw };
"A3":  place at start of [0x008000-0x00ffff] { block INTVEC };
"P3":  place in [from 0x008000 to 0x00ffff] {
          ro section .far.data_init, ro section .far_func.textrw_init,
          ro section .huge.data_init, ro section .huge_func.textrw_init,
          ro section .iar.init_table, ro section .init_array,
          ro section .near.data_init, ro section .near.rodata,
          ro section .near_func.text, ro section .near_func.textrw_init,
          ro section .tiny.data_init, ro section .tiny.rodata_init };

  Section          Kind      Address    Size  Object
  -------          ----      -------    ----  ------
"A1":                                   0x10
  .vregs           uninit   0x000000    0x10  vregs.o [4]
                          - 0x000010    0x10

"P2":                                 0x141f
  .near.bss        zero     0x000010  0x1388  queueTestmain.o [1]
  .near.bss        zero     0x001398    0x22  easyRTOSkernel.o [1]
  .near.bss        zero     0x0013ba    0x22  queueTestmain.o [1]
  .near.bss        zero     0x0013dc    0x22  queueTestmain.o [1]
  .near.bss        zero     0x0013fe    0x1a  queueTestmain.o [1]
  .near.bss        zero     0x001418     0x4  easyRTOSTimer.o [1]
  .near.bss        zero     0x00141c     0x4  queueTestmain.o [1]
  .near.bss        zero     0x001420     0x2  easyRTOSMm.o [1]
  .near.bss        zero     0x001422     0x2  easyRTOSMm.o [1]
  .near.bss        zero     0x001424     0x2  easyRTOSMm.o [1]
  .near.bss        zero     0x001426     0x2  easyRTOSTimer.o [1]
  .near.bss        zero     0x001428     0x2  easyRTOSkernel.o [1]
  .near.bss        zero     0x00142a     0x2  easyRTOSkernel.o [1]
  .near.bss        zero     0x00142c     0x2  easyRTOSkernel.o [1]
  .near.bss        zero     0x00142e     0x1  easyRTOSkernel.o [1]
                          - 0x00142f  0x141f

"A2":                                  0x100
  CSTACK                    0x001700   0x100  <Block>
    CSTACK         uninit   0x001700   0x100  <Block tail>
                          - 0x001800   0x100

"A3":                                   0x80
  INTVEC                    0x008000    0x80  <Block>
    .intvec        const    0x008000    0x80  interrupt.o [4]
                          - 0x008080    0x80

"P3":                                 0x1729
  .near_func.text  ro code  0x008080   0x17c  easyRTOSQueue.o [1]
  .near_func.text  ro code  0x0081fc   0x177  easyRTOSQueue.o [1]
  .near_func.text  ro code  0x008373   0x169  long.o [4]
  .near_func.text  ro code  0x0084dc   0x141  easyRTOSkernel.o [1]
  .near_func.text  ro code  0x00861d   0x12c  vreg_util.o [4]
  .near_func.text  ro code  0x008749   0x111  easyRTOSQueue.o [1]
  .near_func.text  ro code  0x00885a   0x106  easyRTOSQueue.o [1]
  .near_func.text  ro code  0x008960    0xe9  easyRTOSMm.o [1]
  .near_func.text  ro code  0x008a49    0xe9  queueTestmain.o [1]
  .near_func.text  ro code  0x008b32    0xe1  easyRTOSTimer.o [1]
  .near_func.text  ro code  0x008c13    0xb6  stm8s_gpio.o [1]
  .near_func.text  ro code  0x008cc9    0xb1  long_util.o [4]
  .near_func.text  ro code  0x008d7a    0xb0  easyRTOSkernel.o [1]
  .near_func.text  ro code  0x008e2a    0xab  easyRTOSkernel.o [1]
  .near_func.text  ro code  0x008ed5    0xa8  easyRTOSkernel.o [1]
  .near_func.text  ro code  0x008f7d    0x95  easyRTOSTimer.o [1]
  .near_func.text  ro code  0x009012    0x78  easyRTOSMm.o [1]
  .near_func.text  ro code  0x00908a    0x72  easyRTOSport.o [1]
  .near_func.text  ro code  0x0090fc    0x70  easyRTOSTimer.o [1]
  .near_func.text  ro code  0x00916c    0x6b  easyRTOSMm.o [1]
  .near_func.text  ro code  0x0091d7    0x65  easyRTOSTimer.o [1]
  .near_func.text  ro code  0x00923c    0x64  easyRTOSQueue.o [1]
  .near_func.text  ro code  0x0092a0    0x58  easyRTOSportAsm.o [1]
  .near_func.text  ro code  0x0092f8    0x58  queueTestmain.o [1]
  .near_func.text  ro code  0x009350    0x50  easyRTOSkernel.o [1]
  .near_func.text  ro code  0x0093a0    0x4b  easyRTOSkernel.o [1]
  .near_func.text  ro code  0x0093eb    0x4a  easyRTOSQueue.o [1]
  .near_func.text  ro code  0x009435    0x4a  easyRTOSkernel.o [1]
  .near_func.text  ro code  0x00947f    0x45  stm8s_tim3.o [1]
  .near_func.text  ro code  0x0094c4    0x3f  easyRTOSTimer.o [1]
  .near_func.text  ro code  0x009503    0x2f  queueTestmain.o [1]
  .near_func.text  ro code  0x009532    0x2b  easyRTOSkernel.o [1]
  .near_func.text  ro code  0x00955d    0x29  easyRTOSport.o [1]
  .near_func.text  ro code  0x009586    0x27  easyRTOSMm.o [1]
  .near_func.text  ro code  0x0095ad    0x26  easyRTOSkernel.o [1]
  .near_func.text  ro code  0x0095d3    0x25  memcpy.o [4]
  .near_func.text  ro code  0x0095f8    0x22  easyRTOSport.o [1]
  .iar.init_table  const    0x00961a     0x8  - Linker created -
  .near_func.text  ro code  0x009622    0x1f  easyRTOSMm.o [1]
  .near_func.text  ro code  0x009641    0x1e  short.o [4]
  .near_func.text  ro code  0x00965f    0x1e  init_small.o [4]
  .near_func.text  ro code  0x00967d    0x1a  easyRTOSTimer.o [1]
  .near_func.text  ro code  0x009697    0x1a  easyRTOSport.o [1]
  .near_func.text  ro code  0x0096b1    0x1a  stm8s_tim3.o [1]
  .near_func.text  ro code  0x0096cb    0x17  init.o [4]
  .near_func.text  ro code  0x0096e2    0x16  stm8s_tim3.o [1]
  .near_func.text  ro code  0x0096f8    0x15  easyRTOSkernel.o [1]
  .near_func.text  ro code  0x00970d    0x14  __dbg_xxexit.o [3]
  .near_func.text  ro code  0x009721    0x13  stm8s_clk.o [1]
  .near_func.text  ro code  0x009734    0x13  cstartup.o [4]
  .near_func.text  ro code  0x009747     0xe  stm8s_tim3.o [1]
  .near_func.text  ro code  0x009755     0xd  easyRTOSkernel.o [1]
  .near_func.text  ro code  0x009762     0xd  move.o [4]
  .near_func.text  ro code  0x00976f     0x8  easyRTOSkernel.o [1]
  .near_func.text  ro code  0x009777     0x7  stm8s_gpio.o [1]
  .near_func.text  ro code  0x00977e     0x7  dc_util.o [4]
  .near.rodata     const    0x009785     0x6  queueTestmain.o [1]
  .near.rodata     const    0x00978b     0x5  easyRTOSkernel.o [1]
  .near.rodata     const    0x009790     0x5  queueTestmain.o [1]
  .near_func.text  ro code  0x009795     0x5  cexit.o [4]
  .near_func.text  ro code  0x00979a     0x3  interrupt.o [4]
  .near_func.text  ro code  0x00979d     0x3  low_level_init.o [4]
  .near_func.text  ro code  0x0097a0     0x3  exit.o [4]
  .near_func.text  ro code  0x0097a3     0x3  unhandled_exception.o [4]
  .near_func.text  ro code  0x0097a6     0x2  easyRTOSkernel.o [1]
  .near_func.text  ro code  0x0097a8     0x1  __dbg_break.o [3]
                          - 0x0097a9  0x1729


*******************************************************************************
*** INIT TABLE
***

          Address   Size
          -------   ----
Zero (__iar_zero_init2)
    1 destination range, total size 0x141f:
          0x000010  0x141f



*******************************************************************************
*** MODULE SUMMARY
***

    Module                 ro code  ro data  rw data
    ------                 -------  -------  -------
D:\projects\easyRTOS\Debug\Obj: [1]
    easyRTOSMm.o               530                 6
    easyRTOSQueue.o          1 464
    easyRTOSTimer.o            676                 6
    easyRTOSkernel.o         1 190        5       41
    easyRTOSport.o             215
    easyRTOSportAsm.o           88
    queueTestmain.o            368       11    5 098
    stm8s_clk.o                 19
    stm8s_gpio.o               189
    stm8s_tim3.o               131
    ------------------------------------------------
    Total:                   4 870       16    5 151

command line: [2]
    ------------------------------------------------
    Total:

dbgstm8smd.a: [3]
    __dbg_break.o                1
    __dbg_xxexit.o              20
    ------------------------------------------------
    Total:                      21

dlstm8smn.a: [4]
    cexit.o                      5
    cstartup.o                  19
    dc_util.o                    7
    exit.o                       3
    init.o                      23
    init_small.o                30
    interrupt.o                  3      128
    long.o                     361
    long_util.o                177
    low_level_init.o             3
    memcpy.o                    37
    move.o                      13
    short.o                     30
    unhandled_exception.o        3
    vreg_util.o                300
    vregs.o                                       16
    ------------------------------------------------
    Total:                   1 014      128       16

    Linker created                        8      256
----------------------------------------------------
    Grand Total:             5 905      152    5 423


*******************************************************************************
*** ENTRY LIST
***

Entry                    Address    Size  Type      Object
-----                    -------    ----  ----      ------
?add32_l0_l0_0x         0x00839f          Code  Gb  long.o [4]
?and32_l0_l0_0x         0x008474          Code  Gb  long.o [4]
?b0                     0x000000          Data  Gb  vregs.o [4]
?b1                     0x000001          Data  Gb  vregs.o [4]
?b10                    0x00000a          Data  Gb  vregs.o [4]
?b11                    0x00000b          Data  Gb  vregs.o [4]
?b12                    0x00000c          Data  Gb  vregs.o [4]
?b13                    0x00000d          Data  Gb  vregs.o [4]
?b14                    0x00000e          Data  Gb  vregs.o [4]
?b15                    0x00000f          Data  Gb  vregs.o [4]
?b2                     0x000002          Data  Gb  vregs.o [4]
?b3                     0x000003          Data  Gb  vregs.o [4]
?b4                     0x000004          Data  Gb  vregs.o [4]
?b5                     0x000005          Data  Gb  vregs.o [4]
?b6                     0x000006          Data  Gb  vregs.o [4]
?b7                     0x000007          Data  Gb  vregs.o [4]
?b8                     0x000008          Data  Gb  vregs.o [4]
?b9                     0x000009          Data  Gb  vregs.o [4]
?dc8_px                 0x00977e          Code  Gb  dc_util.o [4]
?dec32_0x_0x            0x00838b          Code  Gb  long.o [4]
?dec32_l0_l0            0x008386          Code  Gb  long.o [4]
?e0                     0x000001          Data  Gb  vregs.o [4]
?e1                     0x000005          Data  Gb  vregs.o [4]
?e2                     0x000009          Data  Gb  vregs.o [4]
?e3                     0x00000d          Data  Gb  vregs.o [4]
?epilogue_l2            0x0086da          Code  Gb  vreg_util.o [4]
?epilogue_l2_l3         0x0086d7          Code  Gb  vreg_util.o [4]
?epilogue_l2_w6         0x0086de          Code  Gb  vreg_util.o [4]
?epilogue_w4            0x0086e5          Code  Gb  vreg_util.o [4]
?inc32_0x_0x            0x008378          Code  Gb  long.o [4]
?inc32_l0_l0            0x008373          Code  Gb  long.o [4]
?l0                     0x000000          Data  Gb  vregs.o [4]
?l1                     0x000004          Data  Gb  vregs.o [4]
?l2                     0x000008          Data  Gb  vregs.o [4]
?l3                     0x00000c          Data  Gb  vregs.o [4]
?load32_0x_l0           0x008d2e          Code  Gb  long_util.o [4]
?load32_0x_l1           0x008d4d          Code  Gb  long_util.o [4]
?load32_0x_l2           0x008d6c          Code  Gb  long_util.o [4]
?load32_asp_l0          0x008d22          Code  Gb  long_util.o [4]
?load32_asp_l1          0x008d41          Code  Gb  long_util.o [4]
?load32_asp_l2          0x008d60          Code  Gb  long_util.o [4]
?load32_dbsp_l0         0x008d1d          Code  Gb  long_util.o [4]
?load32_dbsp_l1         0x008d3c          Code  Gb  long_util.o [4]
?load32_dbsp_l2         0x008d5b          Code  Gb  long_util.o [4]
?load32_l0_0x           0x008cd9          Code  Gb  long_util.o [4]
?load32_l0_asp          0x008cce          Code  Gb  long_util.o [4]
?load32_l0_dbsp         0x008cc9          Code  Gb  long_util.o [4]
?load32_l0_xsp          0x008cd0          Code  Gb  long_util.o [4]
?load32_l1_0x           0x008cf5          Code  Gb  long_util.o [4]
?load32_l1_asp          0x008cea          Code  Gb  long_util.o [4]
?load32_l1_dbsp         0x008ce5          Code  Gb  long_util.o [4]
?load32_l1_xsp          0x008cec          Code  Gb  long_util.o [4]
?load32_l3_0x           0x008d11          Code  Gb  long_util.o [4]
?load32_l3_asp          0x008d06          Code  Gb  long_util.o [4]
?load32_l3_dbsp         0x008d01          Code  Gb  long_util.o [4]
?load32_l3_xsp          0x008d08          Code  Gb  long_util.o [4]
?load32_xsp_l0          0x008d24          Code  Gb  long_util.o [4]
?load32_xsp_l1          0x008d43          Code  Gb  long_util.o [4]
?load32_xsp_l2          0x008d62          Code  Gb  long_util.o [4]
?mov_e1_e0              0x008732          Code  Gb  vreg_util.o [4]
?mov_e2_e0              0x00873f          Code  Gb  vreg_util.o [4]
?mov_l1_l0              0x00872f          Code  Gb  vreg_util.o [4]
?mov_l2_l0              0x00873c          Code  Gb  vreg_util.o [4]
?mov_w0_w1              0x0086e9          Code  Gb  vreg_util.o [4]
?mov_w1_w5              0x008728          Code  Gb  vreg_util.o [4]
?mov_w2_w1              0x0086f0          Code  Gb  vreg_util.o [4]
?mov_w2_w5              0x0086f7          Code  Gb  vreg_util.o [4]
?mov_w2_w6              0x0086fe          Code  Gb  vreg_util.o [4]
?mov_w3_w1              0x008735          Code  Gb  vreg_util.o [4]
?mov_w4_w5              0x008705          Code  Gb  vreg_util.o [4]
?mov_w4_w6              0x00870c          Code  Gb  vreg_util.o [4]
?mov_w4_w7              0x008713          Code  Gb  vreg_util.o [4]
?mov_w5_w1              0x008742          Code  Gb  vreg_util.o [4]
?mov_w5_w4              0x00871a          Code  Gb  vreg_util.o [4]
?mov_w7_w4              0x008721          Code  Gb  vreg_util.o [4]
?move1616_v_x_y_a       0x009762          Code  Gb  move.o [4]
?mul16_x_x_w0           0x009641          Code  Gb  short.o [4]
?mul32_l0_l0_0x         0x0083d2          Code  Gb  long.o [4]
?mul32_l0_l0_l1         0x0083db          Code  Gb  long.o [4]
?or32_l0_l0_0x          0x00848f          Code  Gb  long.o [4]
?or32_l0_l0_l1          0x00848c          Code  Gb  long.o [4]
?pop_l0                 0x0086a3          Code  Gb  vreg_util.o [4]
?pop_l1                 0x0086ae          Code  Gb  vreg_util.o [4]
?pop_l2                 0x0086b9          Code  Gb  vreg_util.o [4]
?pop_l3                 0x0086c4          Code  Gb  vreg_util.o [4]
?pop_w4                 0x00864e          Code  Gb  vreg_util.o [4]
?pop_w5                 0x008655          Code  Gb  vreg_util.o [4]
?pop_w6                 0x00865c          Code  Gb  vreg_util.o [4]
?pop_w7                 0x008663          Code  Gb  vreg_util.o [4]
?push_l0                0x008672          Code  Gb  vreg_util.o [4]
?push_l1                0x008677          Code  Gb  vreg_util.o [4]
?push_l2                0x00867c          Code  Gb  vreg_util.o [4]
?push_l3                0x008681          Code  Gb  vreg_util.o [4]
?push_w2                0x00861d          Code  Gb  vreg_util.o [4]
?push_w3                0x008622          Code  Gb  vreg_util.o [4]
?push_w4                0x008627          Code  Gb  vreg_util.o [4]
?push_w5                0x00862c          Code  Gb  vreg_util.o [4]
?push_w6                0x008631          Code  Gb  vreg_util.o [4]
?push_w7                0x008636          Code  Gb  vreg_util.o [4]
?sext32_l0_x            0x0084d1          Code  Gb  long.o [4]
?sll32_0x_0x_a          0x0084ae          Code  Gb  long.o [4]
?sll32_l0_l0_a          0x0084ab          Code  Gb  long.o [4]
?sll32_l0_l0_db         0x0084a7          Code  Gb  long.o [4]
?srl32_0x_0x_a          0x0084c3          Code  Gb  long.o [4]
?srl32_l0_l0_a          0x0084c0          Code  Gb  long.o [4]
?srl32_l0_l0_db         0x0084bc          Code  Gb  long.o [4]
?sub32_l0_l0_0x         0x0083ba          Code  Gb  long.o [4]
?sub32_l0_l0_l1         0x0083b7          Code  Gb  long.o [4]
?ucmp32_c_l0_0x         0x008459          Code  Gb  long.o [4]
?ucmp32_c_l0_l1         0x008469          Code  Gb  long.o [4]
?w0                     0x000000          Data  Gb  vregs.o [4]
?w1                     0x000002          Data  Gb  vregs.o [4]
?w2                     0x000004          Data  Gb  vregs.o [4]
?w3                     0x000006          Data  Gb  vregs.o [4]
?w4                     0x000008          Data  Gb  vregs.o [4]
?w5                     0x00000a          Data  Gb  vregs.o [4]
?w6                     0x00000c          Data  Gb  vregs.o [4]
?w7                     0x00000e          Data  Gb  vregs.o [4]
CLK_HSIPrescalerConfig  0x009721    0x13  Code  Gb  stm8s_clk.o [1]
CSTACK$$Base            0x001700           --   Gb  - Linker created -
CSTACK$$Limit           0x001800           --   Gb  - Linker created -
GPIO_Init               0x008c13    0xb6  Code  Gb  stm8s_gpio.o [1]
GPIO_WriteReverse       0x009777     0x7  Code  Gb  stm8s_gpio.o [1]
INTVEC$$Base            0x008000           --   Gb  - Linker created -
INTVEC$$Limit           0x008080           --   Gb  - Linker created -
Region$$Table$$Base     0x00961a           --   Gb  - Linker created -
Region$$Table$$Limit    0x009622           --   Gb  - Linker created -
TIM3_Cmd                0x009747     0xe  Code  Gb  stm8s_tim3.o [1]
TIM3_DeInit             0x00947f    0x45  Code  Gb  stm8s_tim3.o [1]
TIM3_ITConfig           0x0096b1    0x1a  Code  Gb  stm8s_tim3.o [1]
TIM3_SystemTickISR      0x0095f8    0x22  Code  Gb  easyRTOSport.o [1]
TIM3_TimeBaseInit       0x0096e2    0x16  Code  Gb  stm8s_tim3.o [1]
__DebugBreak            0x0097a8     0x1  Code  Gb  __dbg_break.o [3]
__exit                  0x00970d    0x14  Code  Gb  __dbg_xxexit.o [3]
__iar_data_init2        0x0096cb    0x17  Code  Gb  init.o [4]
__iar_program_start     0x009734          Code  Gb  cstartup.o [4]
__iar_unhandled_exception
                        0x0097a3          Code  Gb  unhandled_exception.o [4]
__iar_zero_init2        0x00965f          Code  Gb  init_small.o [4]
__intvec                0x008000          Data  Gb  interrupt.o [4]
__low_level_init        0x00979d     0x3  Code  Gb  low_level_init.o [4]
_exit                   0x009795          Code  Gb  cexit.o [4]
_interrupt_1            0x00979a          Code  Wk  interrupt.o [4]
_interrupt_10           0x00979a          Code  Wk  interrupt.o [4]
_interrupt_11           0x00979a          Code  Wk  interrupt.o [4]
_interrupt_12           0x00979a          Code  Wk  interrupt.o [4]
_interrupt_13           0x00979a          Code  Wk  interrupt.o [4]
_interrupt_14           0x00979a          Code  Wk  interrupt.o [4]
_interrupt_15           0x00979a          Code  Wk  interrupt.o [4]
_interrupt_16           0x00979a          Code  Wk  interrupt.o [4]
_interrupt_17           0x0095f8          Code  Gb  easyRTOSport.o [1]
_interrupt_18           0x00979a          Code  Wk  interrupt.o [4]
_interrupt_19           0x00979a          Code  Wk  interrupt.o [4]
_interrupt_2            0x00979a          Code  Wk  interrupt.o [4]
_interrupt_20           0x00979a          Code  Wk  interrupt.o [4]
_interrupt_21           0x00979a          Code  Wk  interrupt.o [4]
_interrupt_22           0x00979a          Code  Wk  interrupt.o [4]
_interrupt_23           0x00979a          Code  Wk  interrupt.o [4]
_interrupt_24           0x00979a          Code  Wk  interrupt.o [4]
_interrupt_25           0x00979a          Code  Wk  interrupt.o [4]
_interrupt_26           0x00979a          Code  Wk  interrupt.o [4]
_interrupt_27           0x00979a          Code  Wk  interrupt.o [4]
_interrupt_28           0x00979a          Code  Wk  interrupt.o [4]
_interrupt_29           0x00979a          Code  Wk  interrupt.o [4]
_interrupt_3            0x00979a          Code  Wk  interrupt.o [4]
_interrupt_30           0x00979a          Code  Wk  interrupt.o [4]
_interrupt_31           0x00979a          Code  Wk  interrupt.o [4]
_interrupt_4            0x00979a          Code  Wk  interrupt.o [4]
_interrupt_5            0x00979a          Code  Wk  interrupt.o [4]
_interrupt_6            0x00979a          Code  Wk  interrupt.o [4]
_interrupt_7            0x00979a          Code  Wk  interrupt.o [4]
_interrupt_8            0x00979a          Code  Wk  interrupt.o [4]
_interrupt_9            0x00979a          Code  Wk  interrupt.o [4]
a                       0x00141c     0x4  Data  Gb  queueTestmain.o [1]
archContextSwitch       0x0092bb          Code  Gb  easyRTOSportAsm.o [1]
archFirstTaskRestore    0x0092a0          Code  Gb  easyRTOSportAsm.o [1]
archInitSystemTickTimer
                        0x009697    0x1a  Code  Gb  easyRTOSport.o [1]
archTaskContextInit     0x00908a    0x72  Code  Gb  easyRTOSport.o [1]
curr_tcb                0x001428     0x2  Data  Lc  easyRTOSkernel.o [1]
eCurrentContext         0x009755     0xd  Code  Gb  easyRTOSkernel.o [1]
eIntEnter               0x00976f     0x8  Code  Gb  easyRTOSkernel.o [1]
eIntExit                0x0096f8    0x15  Code  Gb  easyRTOSkernel.o [1]
eMalloc                 0x009586    0x27  Code  Gb  easyRTOSMm.o [1]
eMemInit                0x009622    0x1f  Code  Gb  easyRTOSMm.o [1]
eQueueCreate            0x0093eb    0x4a  Code  Gb  easyRTOSQueue.o [1]
eQueueGive              0x0081fc   0x177  Code  Gb  easyRTOSQueue.o [1]
eQueueTake              0x008080   0x17c  Code  Gb  easyRTOSQueue.o [1]
eQueueTimerCallback     0x00923c    0x64  Code  Lc  easyRTOSQueue.o [1]
eTaskCreat              0x0084dc   0x141  Code  Gb  easyRTOSkernel.o [1]
eTaskSwitch             0x0095ad    0x26  Code  Lc  easyRTOSkernel.o [1]
eTimerCallbacks         0x008b32    0xe1  Code  Lc  easyRTOSTimer.o [1]
eTimerCancel            0x0090fc    0x70  Code  Gb  easyRTOSTimer.o [1]
eTimerDelay             0x008f7d    0x95  Code  Gb  easyRTOSTimer.o [1]
eTimerDelayCallback     0x0094c4    0x3f  Code  Lc  easyRTOSTimer.o [1]
eTimerRegister          0x0091d7    0x65  Code  Gb  easyRTOSTimer.o [1]
eTimerTick              0x00967d    0x1a  Code  Gb  easyRTOSTimer.o [1]
easyITCnt               0x00142c     0x2  Data  Lc  easyRTOSkernel.o [1]
easyRTOSInit            0x009435    0x4a  Code  Gb  easyRTOSkernel.o [1]
easyRTOSSched           0x008e2a    0xab  Code  Gb  easyRTOSkernel.o [1]
easyRTOSStart           0x009532    0x2b  Code  Gb  easyRTOSkernel.o [1]
easyRTOSStarted         0x00142e     0x1  Data  Gb  easyRTOSkernel.o [1]
exit                    0x0097a0     0x3  Code  Gb  exit.o [4]
findFitBp               0x009012    0x78  Code  Lc  easyRTOSMm.o [1]
heapRoom                0x000010  0x1388  Data  Lc  queueTestmain.o [1]
idleTask                0x0097a6     0x2  Code  Lc  easyRTOSkernel.o [1]
idleTcb                 0x001398    0x22  Data  Lc  easyRTOSkernel.o [1]
main                    0x008a49    0xe9  Code  Gb  queueTestmain.o [1]
memBlockInit            0x00916c    0x6b  Code  Lc  easyRTOSMm.o [1]
mem_brk                 0x001422     0x2  Data  Lc  easyRTOSMm.o [1]
mem_heap                0x001420     0x2  Data  Lc  easyRTOSMm.o [1]
memcpy                  0x0095d3    0x25  Code  Gb  memcpy.o [4]
placeBlock              0x008960    0xe9  Code  Lc  easyRTOSMm.o [1]
qQueue                  0x0013fe    0x1a  Data  Gb  queueTestmain.o [1]
queueTaskFunc           0x009503    0x2f  Code  Gb  queueTestmain.o [1]
queueTcb                0x0013dc    0x22  Data  Gb  queueTestmain.o [1]
queue_insert            0x008749   0x111  Code  Lc  easyRTOSQueue.o [1]
queue_remove            0x00885a   0x106  Code  Lc  easyRTOSQueue.o [1]
systemTicks             0x001418     0x4  Data  Lc  easyRTOSTimer.o [1]
taskShell               0x00955d    0x29  Code  Lc  easyRTOSport.o [1]
tcbEnqueuePriority      0x008ed5    0xa8  Code  Gb  easyRTOSkernel.o [1]
tcb_dequeue_entry       0x008d7a    0xb0  Code  Gb  easyRTOSkernel.o [1]
tcb_dequeue_head        0x009350    0x50  Code  Gb  easyRTOSkernel.o [1]
tcb_dequeue_priority    0x0093a0    0x4b  Code  Gb  easyRTOSkernel.o [1]
tcb_readyQ              0x00142a     0x2  Data  Gb  easyRTOSkernel.o [1]
testTaskFunc            0x0092f8    0x58  Code  Gb  queueTestmain.o [1]
testTcb                 0x0013ba    0x22  Data  Gb  queueTestmain.o [1]
timer_queue             0x001426     0x2  Data  Lc  easyRTOSTimer.o [1]


[1] = D:\projects\easyRTOS\Debug\Obj
[2] = command line
[3] = dbgstm8smd.a
[4] = dlstm8smn.a

  5 905 bytes of readonly  code memory
    152 bytes of readonly  data memory
  5 423 bytes of readwrite data memory

Errors: none
Warnings: none
