###############################################################################
#                                                                             #
# IAR ELF Linker V1.40.1.50106 for STM8                 02/Nov/2016  09:35:07 #
# Copyright 2010-2013 IAR Systems AB.                                         #
#                                                                             #
#    Output file  =  D:\projects\easyRTOS\Debug\Exe\templproj.out             #
#    Map file     =  D:\projects\easyRTOS\Debug\List\templproj.map            #
#    Command line =  D:\projects\easyRTOS\Debug\Obj\easyRTOSMm.o              #
#                    D:\projects\easyRTOS\Debug\Obj\easyRTOSQueue.o           #
#                    D:\projects\easyRTOS\Debug\Obj\easyRTOSSem.o             #
#                    D:\projects\easyRTOS\Debug\Obj\easyRTOSTimer.o           #
#                    D:\projects\easyRTOS\Debug\Obj\easyRTOSkernel.o          #
#                    D:\projects\easyRTOS\Debug\Obj\easyRTOSport.o            #
#                    D:\projects\easyRTOS\Debug\Obj\easyRTOSportAsm.o         #
#                    D:\projects\easyRTOS\Debug\Obj\queueTestmain.o           #
#                    D:\projects\easyRTOS\Debug\Obj\stm8s_clk.o               #
#                    D:\projects\easyRTOS\Debug\Obj\stm8s_gpio.o              #
#                    D:\projects\easyRTOS\Debug\Obj\stm8s_itc.o               #
#                    D:\projects\easyRTOS\Debug\Obj\stm8s_tim3.o --redirect   #
#                    _Printf=_PrintfFullNoMb --redirect                       #
#                    _Scanf=_ScanfFullNoMb -o D:\projects\easyRTOS\Debug\Exe\ #
#                    templproj.out --map D:\projects\easyRTOS\Debug\List\temp #
#                    lproj.map --config "D:\Program Files (x86)\IAR           #
#                    Systems\Embedded Workbench 6.5\stm8\config\lnkstm8s207r8 #
#                    .icf" --config_def _CSTACK_SIZE=0x100 --config_def       #
#                    _HEAP_SIZE=0x100 --entry __iar_program_start --debug_lib #
#                                                                             #
#                                                                             #
###############################################################################

*******************************************************************************
*** RUNTIME MODEL ATTRIBUTES
***

__SystemLibrary            = DLib
__code_model               = small
__core                     = stm8
__data_model               = medium
__dlib_file_descriptor     = 0
__dlib_full_locale_support = 0
__rt_version               = 4


*******************************************************************************
*** PLACEMENT SUMMARY
***

"A1":  place at start of [0x000000-0x0000ff] { rw section .vregs };
"A2":  place at end of [0x000000-0x0017ff] { block CSTACK };
"P2":  place in [from 0x000000 to 0x0017ff] {
          block HEAP, rw section .far.bss, rw section .far.data,
          rw section .far.noinit, rw section .far_func.textrw,
          rw section .huge.bss, rw section .huge.data, rw section .huge.noinit,
          rw section .huge_func.textrw, rw section .iar.dynexit,
          rw section .near.bss, rw section .near.data, rw section .near.noinit,
          rw section .near_func.textrw };
"A3":  place at start of [0x008000-0x00ffff] { block INTVEC };
"P3":  place in [from 0x008000 to 0x00ffff] {
          ro section .far.data_init, ro section .far_func.textrw_init,
          ro section .huge.data_init, ro section .huge_func.textrw_init,
          ro section .iar.init_table, ro section .init_array,
          ro section .near.data_init, ro section .near.rodata,
          ro section .near_func.text, ro section .near_func.textrw_init,
          ro section .tiny.data_init, ro section .tiny.rodata_init };

  Section          Kind      Address    Size  Object
  -------          ----      -------    ----  ------
"A1":                                   0x10
  .vregs           uninit   0x000000    0x10  vregs.o [4]
                          - 0x000010    0x10

"P2":                                 0x141f
  .near.bss        zero     0x000010  0x1388  queueTestmain.o [1]
  .near.bss        zero     0x001398    0x22  easyRTOSkernel.o [1]
  .near.bss        zero     0x0013ba    0x22  queueTestmain.o [1]
  .near.bss        zero     0x0013dc    0x22  queueTestmain.o [1]
  .near.bss        zero     0x0013fe    0x1a  queueTestmain.o [1]
  .near.bss        zero     0x001418     0x4  easyRTOSTimer.o [1]
  .near.bss        zero     0x00141c     0x4  queueTestmain.o [1]
  .near.bss        zero     0x001420     0x2  easyRTOSMm.o [1]
  .near.bss        zero     0x001422     0x2  easyRTOSMm.o [1]
  .near.bss        zero     0x001424     0x2  easyRTOSMm.o [1]
  .near.bss        zero     0x001426     0x2  easyRTOSTimer.o [1]
  .near.bss        zero     0x001428     0x2  easyRTOSkernel.o [1]
  .near.bss        zero     0x00142a     0x2  easyRTOSkernel.o [1]
  .near.bss        zero     0x00142c     0x2  easyRTOSkernel.o [1]
  .near.bss        zero     0x00142e     0x1  easyRTOSkernel.o [1]
                          - 0x00142f  0x141f

"A2":                                  0x100
  CSTACK                    0x001700   0x100  <Block>
    CSTACK         uninit   0x001700   0x100  <Block tail>
                          - 0x001800   0x100

"A3":                                   0x80
  INTVEC                    0x008000    0x80  <Block>
    .intvec        const    0x008000    0x80  interrupt.o [4]
                          - 0x008080    0x80

"P3":                                 0x12aa
  .near_func.text  ro code  0x008080   0x377  easyRTOSkernel.o [1]
  .near_func.text  ro code  0x0083f7   0x171  long.o [4]
  .near_func.text  ro code  0x008568   0x165  vreg_util.o [4]
  .near_func.text  ro code  0x0086cd    0xec  easyRTOSQueue.o [1]
  .near_func.text  ro code  0x0087b9    0xe2  easyRTOSQueue.o [1]
  .near_func.text  ro code  0x00889b    0xcc  queueTestmain.o [1]
  .near_func.text  ro code  0x008967    0xab  long_util.o [4]
  .near_func.text  ro code  0x008a12    0xa6  easyRTOSTimer.o [1]
  .near_func.text  ro code  0x008ab8    0xa3  easyRTOSMm.o [1]
  .near_func.text  ro code  0x008b5b    0x7a  easyRTOSQueue.o [1]
  .near_func.text  ro code  0x008bd5    0x79  easyRTOSTimer.o [1]
  .near_func.text  ro code  0x008c4e    0x78  easyRTOSQueue.o [1]
  .near_func.text  ro code  0x008cc6    0x67  stm8s_gpio.o [1]
  .near_func.text  ro code  0x008d2d    0x5e  easyRTOSMm.o [1]
  .near_func.text  ro code  0x008d8b    0x5c  easyRTOSMm.o [1]
  .near_func.text  ro code  0x008de7    0x58  easyRTOSportAsm.o [1]
  .near_func.text  ro code  0x008e3f    0x50  easyRTOSTimer.o [1]
  .near_func.text  ro code  0x008e8f    0x4b  queueTestmain.o [1]
  .near_func.text  ro code  0x008eda    0x47  easyRTOSQueue.o [1]
  .near_func.text  ro code  0x008f21    0x45  stm8s_tim3.o [1]
  .near_func.text  ro code  0x008f66    0x3c  easyRTOSTimer.o [1]
  .near_func.text  ro code  0x008fa2    0x32  easyRTOSTimer.o [1]
  .near_func.text  ro code  0x008fd4    0x2f  easyRTOSQueue.o [1]
  .near_func.text  ro code  0x009003    0x25  memcpy.o [4]
  .near_func.text  ro code  0x009028    0x22  easyRTOSport.o [1]
  .near_func.text  ro code  0x00904a    0x21  easyRTOSport.o [1]
  .iar.init_table  const    0x00906b     0x8  - Linker created -
  .near_func.text  ro code  0x009073    0x1e  stm8s_tim3.o [1]
  .near_func.text  ro code  0x009091    0x1e  short.o [4]
  .near_func.text  ro code  0x0090af    0x1e  init_small.o [4]
  .near_func.text  ro code  0x0090cd    0x1a  easyRTOSQueue.o [1]
  .near_func.text  ro code  0x0090e7    0x1a  easyRTOSport.o [1]
  .near_func.text  ro code  0x009101    0x1a  queueTestmain.o [1]
  .near_func.text  ro code  0x00911b    0x19  easyRTOSport.o [1]
  .near_func.text  ro code  0x009134    0x18  easyRTOSQueue.o [1]
  .near_func.text  ro code  0x00914c    0x18  easyRTOSTimer.o [1]
  .near_func.text  ro code  0x009164    0x17  init.o [4]
  .near_func.text  ro code  0x00917b    0x14  __dbg_xxexit.o [3]
  .near_func.text  ro code  0x00918f    0x13  cstartup.o [4]
  .near_func.text  ro code  0x0091a2     0xf  easyRTOSMm.o [1]
  .near_func.text  ro code  0x0091b1     0xd  easyRTOSQueue.o [1]
  .near_func.text  ro code  0x0091be     0xd  easyRTOSQueue.o [1]
  .near_func.text  ro code  0x0091cb     0xd  easyRTOSQueue.o [1]
  .near_func.text  ro code  0x0091d8     0xd  easyRTOSTimer.o [1]
  .near_func.text  ro code  0x0091e5     0xd  move.o [4]
  .near_func.text  ro code  0x0091f2     0xc  easyRTOSQueue.o [1]
  .near_func.text  ro code  0x0091fe     0xc  stm8s_clk.o [1]
  .near_func.text  ro code  0x00920a     0xc  stm8s_tim3.o [1]
  .near_func.text  ro code  0x009216     0xb  easyRTOSQueue.o [1]
  .near_func.text  ro code  0x009221     0xb  easyRTOSQueue.o [1]
  .near_func.text  ro code  0x00922c     0xb  stm8s_clk.o [1]
  .near_func.text  ro code  0x009237     0xa  easyRTOSQueue.o [1]
  .near_func.text  ro code  0x009241     0x9  easyRTOSMm.o [1]
  .near_func.text  ro code  0x00924a     0x9  easyRTOSQueue.o [1]
  .near_func.text  ro code  0x009253     0x9  easyRTOSQueue.o [1]
  .near_func.text  ro code  0x00925c     0x9  easyRTOSQueue.o [1]
  .near_func.text  ro code  0x009265     0x9  easyRTOSQueue.o [1]
  .near_func.text  ro code  0x00926e     0x9  easyRTOSkernel.o [1]
  .near_func.text  ro code  0x009277     0x9  easyRTOSport.o [1]
  .near_func.text  ro code  0x009280     0x9  queueTestmain.o [1]
  .near_func.text  ro code  0x009289     0x9  stm8s_tim3.o [1]
  .near_func.text  ro code  0x009292     0x8  easyRTOSMm.o [1]
  .near_func.text  ro code  0x00929a     0x8  easyRTOSQueue.o [1]
  .near_func.text  ro code  0x0092a2     0x8  easyRTOSQueue.o [1]
  .near_func.text  ro code  0x0092aa     0x8  easyRTOSQueue.o [1]
  .near_func.text  ro code  0x0092b2     0x8  easyRTOSQueue.o [1]
  .near_func.text  ro code  0x0092ba     0x8  easyRTOSQueue.o [1]
  .near_func.text  ro code  0x0092c2     0x8  easyRTOSQueue.o [1]
  .near_func.text  ro code  0x0092ca     0x8  easyRTOSkernel.o [1]
  .near_func.text  ro code  0x0092d2     0x7  easyRTOSQueue.o [1]
  .near_func.text  ro code  0x0092d9     0x7  easyRTOSQueue.o [1]
  .near_func.text  ro code  0x0092e0     0x7  dc_util.o [4]
  .near.rodata     const    0x0092e7     0x6  queueTestmain.o [1]
  .near_func.text  ro code  0x0092ed     0x6  easyRTOSQueue.o [1]
  .near_func.text  ro code  0x0092f3     0x6  easyRTOSQueue.o [1]
  .near_func.text  ro code  0x0092f9     0x6  easyRTOSQueue.o [1]
  .near_func.text  ro code  0x0092ff     0x6  queueTestmain.o [1]
  .near.rodata     const    0x009305     0x5  easyRTOSkernel.o [1]
  .near.rodata     const    0x00930a     0x5  queueTestmain.o [1]
  .near_func.text  ro code  0x00930f     0x5  cexit.o [4]
  .near_func.text  ro code  0x009314     0x4  easyRTOSQueue.o [1]
  .near_func.text  ro code  0x009318     0x3  stm8s_gpio.o [1]
  .near_func.text  ro code  0x00931b     0x3  interrupt.o [4]
  .near_func.text  ro code  0x00931e     0x3  low_level_init.o [4]
  .near_func.text  ro code  0x009321     0x3  exit.o [4]
  .near_func.text  ro code  0x009324     0x3  unhandled_exception.o [4]
  .near_func.text  ro code  0x009327     0x2  easyRTOSkernel.o [1]
  .near_func.text  ro code  0x009329     0x1  __dbg_break.o [3]
                          - 0x00932a  0x12aa


*******************************************************************************
*** INIT TABLE
***

          Address   Size
          -------   ----
Zero (__iar_zero_init2)
    1 destination range, total size 0x141f:
          0x000010  0x141f



*******************************************************************************
*** MODULE SUMMARY
***

    Module                 ro code  ro data  rw data
    ------                 -------  -------  -------
D:\projects\easyRTOS\Debug\Obj: [1]
    easyRTOSMm.o               381                 6
    easyRTOSQueue.o          1 075
    easyRTOSTimer.o            514                 6
    easyRTOSkernel.o           906        5       41
    easyRTOSport.o             127
    easyRTOSportAsm.o           88
    queueTestmain.o            320       11    5 098
    stm8s_clk.o                 23
    stm8s_gpio.o               106
    stm8s_tim3.o               120
    ------------------------------------------------
    Total:                   3 660       16    5 151

command line: [2]
    ------------------------------------------------
    Total:

dbgstm8smd.a: [3]
    __dbg_break.o                1
    __dbg_xxexit.o              20
    ------------------------------------------------
    Total:                      21

dlstm8smn.a: [4]
    cexit.o                      5
    cstartup.o                  19
    dc_util.o                    7
    exit.o                       3
    init.o                      23
    init_small.o                30
    interrupt.o                  3      128
    long.o                     369
    long_util.o                171
    low_level_init.o             3
    memcpy.o                    37
    move.o                      13
    short.o                     30
    unhandled_exception.o        3
    vreg_util.o                357
    vregs.o                                       16
    ------------------------------------------------
    Total:                   1 073      128       16

    Linker created                        8      256
----------------------------------------------------
    Grand Total:             4 754      152    5 423


*******************************************************************************
*** ENTRY LIST
***

Entry                    Address    Size  Type      Object
-----                    -------    ----  ----      ------
?add32_l0_l0_0x         0x008428          Code  Gb  long.o [4]
?and32_l0_l0_0x         0x008500          Code  Gb  long.o [4]
?and32_l0_l0_l1         0x0084fd          Code  Gb  long.o [4]
?b0                     0x000000          Data  Gb  vregs.o [4]
?b1                     0x000001          Data  Gb  vregs.o [4]
?b10                    0x00000a          Data  Gb  vregs.o [4]
?b11                    0x00000b          Data  Gb  vregs.o [4]
?b12                    0x00000c          Data  Gb  vregs.o [4]
?b13                    0x00000d          Data  Gb  vregs.o [4]
?b14                    0x00000e          Data  Gb  vregs.o [4]
?b15                    0x00000f          Data  Gb  vregs.o [4]
?b2                     0x000002          Data  Gb  vregs.o [4]
?b3                     0x000003          Data  Gb  vregs.o [4]
?b4                     0x000004          Data  Gb  vregs.o [4]
?b5                     0x000005          Data  Gb  vregs.o [4]
?b6                     0x000006          Data  Gb  vregs.o [4]
?b7                     0x000007          Data  Gb  vregs.o [4]
?b8                     0x000008          Data  Gb  vregs.o [4]
?b9                     0x000009          Data  Gb  vregs.o [4]
?dc8_px                 0x0092e0          Code  Gb  dc_util.o [4]
?dec32_0x_0x            0x008414          Code  Gb  long.o [4]
?dec32_l0_l0            0x00840a          Code  Gb  long.o [4]
?dec32_l1_l1            0x00840f          Code  Gb  long.o [4]
?e0                     0x000001          Data  Gb  vregs.o [4]
?e1                     0x000005          Data  Gb  vregs.o [4]
?e2                     0x000009          Data  Gb  vregs.o [4]
?e3                     0x00000d          Data  Gb  vregs.o [4]
?epilogue_l2            0x008608          Code  Gb  vreg_util.o [4]
?epilogue_l2_l3         0x008605          Code  Gb  vreg_util.o [4]
?epilogue_l2_w6         0x00860c          Code  Gb  vreg_util.o [4]
?epilogue_w4            0x008613          Code  Gb  vreg_util.o [4]
?inc32_0x_0x            0x0083fc          Code  Gb  long.o [4]
?inc32_l0_l0            0x0083f7          Code  Gb  long.o [4]
?l0                     0x000000          Data  Gb  vregs.o [4]
?l1                     0x000004          Data  Gb  vregs.o [4]
?l2                     0x000008          Data  Gb  vregs.o [4]
?l3                     0x00000c          Data  Gb  vregs.o [4]
?load32_0x_l0           0x0089b8          Code  Gb  long_util.o [4]
?load32_0x_l1           0x0089d7          Code  Gb  long_util.o [4]
?load32_0x_l2           0x0089f6          Code  Gb  long_util.o [4]
?load32_0x_l3           0x008a04          Code  Gb  long_util.o [4]
?load32_asp_l0          0x0089ac          Code  Gb  long_util.o [4]
?load32_asp_l1          0x0089cb          Code  Gb  long_util.o [4]
?load32_asp_l2          0x0089ea          Code  Gb  long_util.o [4]
?load32_dbsp_l0         0x0089a7          Code  Gb  long_util.o [4]
?load32_dbsp_l1         0x0089c6          Code  Gb  long_util.o [4]
?load32_dbsp_l2         0x0089e5          Code  Gb  long_util.o [4]
?load32_l0_0x           0x008967          Code  Gb  long_util.o [4]
?load32_l1_0x           0x008973          Code  Gb  long_util.o [4]
?load32_l2_0x           0x00897f          Code  Gb  long_util.o [4]
?load32_l3_0x           0x00899b          Code  Gb  long_util.o [4]
?load32_l3_asp          0x008990          Code  Gb  long_util.o [4]
?load32_l3_dbsp         0x00898b          Code  Gb  long_util.o [4]
?load32_l3_xsp          0x008992          Code  Gb  long_util.o [4]
?load32_xsp_l0          0x0089ae          Code  Gb  long_util.o [4]
?load32_xsp_l1          0x0089cd          Code  Gb  long_util.o [4]
?load32_xsp_l2          0x0089ec          Code  Gb  long_util.o [4]
?mov_e0_e1              0x008675          Code  Gb  vreg_util.o [4]
?mov_e0_e2              0x008682          Code  Gb  vreg_util.o [4]
?mov_e0_e3              0x00868f          Code  Gb  vreg_util.o [4]
?mov_e1_e0              0x00869c          Code  Gb  vreg_util.o [4]
?mov_e1_e2              0x0086a9          Code  Gb  vreg_util.o [4]
?mov_e2_e0              0x0086b6          Code  Gb  vreg_util.o [4]
?mov_e3_e0              0x0086c3          Code  Gb  vreg_util.o [4]
?mov_l0_l1              0x008672          Code  Gb  vreg_util.o [4]
?mov_l0_l2              0x00867f          Code  Gb  vreg_util.o [4]
?mov_l0_l3              0x00868c          Code  Gb  vreg_util.o [4]
?mov_l1_l0              0x008699          Code  Gb  vreg_util.o [4]
?mov_l1_l2              0x0086a6          Code  Gb  vreg_util.o [4]
?mov_l2_l0              0x0086b3          Code  Gb  vreg_util.o [4]
?mov_l3_l0              0x0086c0          Code  Gb  vreg_util.o [4]
?mov_w0_w1              0x008617          Code  Gb  vreg_util.o [4]
?mov_w0_w2              0x00861e          Code  Gb  vreg_util.o [4]
?mov_w0_w3              0x008625          Code  Gb  vreg_util.o [4]
?mov_w1_w0              0x00862c          Code  Gb  vreg_util.o [4]
?mov_w1_w2              0x008633          Code  Gb  vreg_util.o [4]
?mov_w1_w3              0x008678          Code  Gb  vreg_util.o [4]
?mov_w1_w5              0x008685          Code  Gb  vreg_util.o [4]
?mov_w1_w6              0x00863a          Code  Gb  vreg_util.o [4]
?mov_w1_w7              0x008692          Code  Gb  vreg_util.o [4]
?mov_w2_w0              0x008641          Code  Gb  vreg_util.o [4]
?mov_w2_w1              0x008648          Code  Gb  vreg_util.o [4]
?mov_w2_w5              0x00864f          Code  Gb  vreg_util.o [4]
?mov_w2_w6              0x008656          Code  Gb  vreg_util.o [4]
?mov_w3_w1              0x00869f          Code  Gb  vreg_util.o [4]
?mov_w3_w2              0x00865d          Code  Gb  vreg_util.o [4]
?mov_w3_w5              0x0086ac          Code  Gb  vreg_util.o [4]
?mov_w4_w0              0x008664          Code  Gb  vreg_util.o [4]
?mov_w5_w1              0x0086b9          Code  Gb  vreg_util.o [4]
?mov_w6_w1              0x00866b          Code  Gb  vreg_util.o [4]
?mov_w7_w1              0x0086c6          Code  Gb  vreg_util.o [4]
?move1616_v_x_y_a       0x0091e5          Code  Gb  move.o [4]
?mul16_x_x_w0           0x009091          Code  Gb  short.o [4]
?mul32_l0_l0_0x         0x00845b          Code  Gb  long.o [4]
?mul32_l0_l0_l1         0x008464          Code  Gb  long.o [4]
?or32_l0_l0_0x          0x00851b          Code  Gb  long.o [4]
?or32_l0_l0_l1          0x008518          Code  Gb  long.o [4]
?pop_l0                 0x0085d1          Code  Gb  vreg_util.o [4]
?pop_l1                 0x0085dc          Code  Gb  vreg_util.o [4]
?pop_l2                 0x0085e7          Code  Gb  vreg_util.o [4]
?pop_l3                 0x0085f2          Code  Gb  vreg_util.o [4]
?pop_w4                 0x00858a          Code  Gb  vreg_util.o [4]
?pop_w6                 0x008591          Code  Gb  vreg_util.o [4]
?push_l0                0x0085a0          Code  Gb  vreg_util.o [4]
?push_l1                0x0085a5          Code  Gb  vreg_util.o [4]
?push_l2                0x0085aa          Code  Gb  vreg_util.o [4]
?push_l3                0x0085af          Code  Gb  vreg_util.o [4]
?push_w2                0x008568          Code  Gb  vreg_util.o [4]
?push_w4                0x00856d          Code  Gb  vreg_util.o [4]
?push_w6                0x008572          Code  Gb  vreg_util.o [4]
?sext32_l0_x            0x00855d          Code  Gb  long.o [4]
?sll32_0x_0x_a          0x00853a          Code  Gb  long.o [4]
?sll32_l0_l0_a          0x008537          Code  Gb  long.o [4]
?sll32_l0_l0_db         0x008533          Code  Gb  long.o [4]
?srl32_0x_0x_a          0x00854f          Code  Gb  long.o [4]
?srl32_l0_l0_a          0x00854c          Code  Gb  long.o [4]
?srl32_l0_l0_db         0x008548          Code  Gb  long.o [4]
?sub32_l0_l0_0x         0x008443          Code  Gb  long.o [4]
?sub32_l0_l0_l1         0x008440          Code  Gb  long.o [4]
?ucmp32_c_l0_0x         0x0084e2          Code  Gb  long.o [4]
?ucmp32_c_l0_l1         0x0084f2          Code  Gb  long.o [4]
?w0                     0x000000          Data  Gb  vregs.o [4]
?w1                     0x000002          Data  Gb  vregs.o [4]
?w2                     0x000004          Data  Gb  vregs.o [4]
?w3                     0x000006          Data  Gb  vregs.o [4]
?w4                     0x000008          Data  Gb  vregs.o [4]
?w5                     0x00000a          Data  Gb  vregs.o [4]
?w6                     0x00000c          Data  Gb  vregs.o [4]
?w7                     0x00000e          Data  Gb  vregs.o [4]
CLK_HSIPrescalerConfig  0x0091fe     0xc  Code  Gb  stm8s_clk.o [1]
CSTACK$$Base            0x001700           --   Gb  - Linker created -
CSTACK$$Limit           0x001800           --   Gb  - Linker created -
GPIO_Init               0x008cc6    0x67  Code  Gb  stm8s_gpio.o [1]
GPIO_WriteReverse       0x009318     0x3  Code  Gb  stm8s_gpio.o [1]
INTVEC$$Base            0x008000           --   Gb  - Linker created -
INTVEC$$Limit           0x008080           --   Gb  - Linker created -
Region$$Table$$Base     0x00906b           --   Gb  - Linker created -
Region$$Table$$Limit    0x009073           --   Gb  - Linker created -
TIM3_Cmd                0x009084     0xd  Code  Gb  stm8s_tim3.o [1]
TIM3_DeInit             0x008f21    0x45  Code  Gb  stm8s_tim3.o [1]
TIM3_ITConfig           0x009073    0x11  Code  Gb  stm8s_tim3.o [1]
TIM3_SystemTickISR      0x009028    0x22  Code  Gb  easyRTOSport.o [1]
TIM3_TimeBaseInit       0x009289     0x9  Code  Gb  stm8s_tim3.o [1]
__DebugBreak            0x009329     0x1  Code  Gb  __dbg_break.o [3]
__exit                  0x00917b    0x14  Code  Gb  __dbg_xxexit.o [3]
__iar_data_init2        0x009164    0x17  Code  Gb  init.o [4]
__iar_program_start     0x00918f          Code  Gb  cstartup.o [4]
__iar_unhandled_exception
                        0x009324          Code  Gb  unhandled_exception.o [4]
__iar_zero_init2        0x0090af          Code  Gb  init_small.o [4]
__intvec                0x008000          Data  Gb  interrupt.o [4]
__low_level_init        0x00931e     0x3  Code  Gb  low_level_init.o [4]
_exit                   0x00930f          Code  Gb  cexit.o [4]
_interrupt_1            0x00931b          Code  Wk  interrupt.o [4]
_interrupt_10           0x00931b          Code  Wk  interrupt.o [4]
_interrupt_11           0x00931b          Code  Wk  interrupt.o [4]
_interrupt_12           0x00931b          Code  Wk  interrupt.o [4]
_interrupt_13           0x00931b          Code  Wk  interrupt.o [4]
_interrupt_14           0x00931b          Code  Wk  interrupt.o [4]
_interrupt_15           0x00931b          Code  Wk  interrupt.o [4]
_interrupt_16           0x00931b          Code  Wk  interrupt.o [4]
_interrupt_17           0x009028          Code  Gb  easyRTOSport.o [1]
_interrupt_18           0x00931b          Code  Wk  interrupt.o [4]
_interrupt_19           0x00931b          Code  Wk  interrupt.o [4]
_interrupt_2            0x00931b          Code  Wk  interrupt.o [4]
_interrupt_20           0x00931b          Code  Wk  interrupt.o [4]
_interrupt_21           0x00931b          Code  Wk  interrupt.o [4]
_interrupt_22           0x00931b          Code  Wk  interrupt.o [4]
_interrupt_23           0x00931b          Code  Wk  interrupt.o [4]
_interrupt_24           0x00931b          Code  Wk  interrupt.o [4]
_interrupt_25           0x00931b          Code  Wk  interrupt.o [4]
_interrupt_26           0x00931b          Code  Wk  interrupt.o [4]
_interrupt_27           0x00931b          Code  Wk  interrupt.o [4]
_interrupt_28           0x00931b          Code  Wk  interrupt.o [4]
_interrupt_29           0x00931b          Code  Wk  interrupt.o [4]
_interrupt_3            0x00931b          Code  Wk  interrupt.o [4]
_interrupt_30           0x00931b          Code  Wk  interrupt.o [4]
_interrupt_31           0x00931b          Code  Wk  interrupt.o [4]
_interrupt_4            0x00931b          Code  Wk  interrupt.o [4]
_interrupt_5            0x00931b          Code  Wk  interrupt.o [4]
_interrupt_6            0x00931b          Code  Wk  interrupt.o [4]
_interrupt_7            0x00931b          Code  Wk  interrupt.o [4]
_interrupt_8            0x00931b          Code  Wk  interrupt.o [4]
_interrupt_9            0x00931b          Code  Wk  interrupt.o [4]
a                       0x00141c     0x4  Data  Gb  queueTestmain.o [1]
archContextSwitch       0x008e02          Code  Gb  easyRTOSportAsm.o [1]
archFirstTaskRestore    0x008de7          Code  Gb  easyRTOSportAsm.o [1]
archInitSystemTickTimer
                        0x00911b    0x19  Code  Gb  easyRTOSport.o [1]
archTaskContextInit     0x00904a    0x21  Code  Gb  easyRTOSport.o [1]
curr_tcb                0x001428     0x2  Data  Lc  easyRTOSkernel.o [1]
eCurrentContext         0x0081ab     0xb  Code  Gb  easyRTOSkernel.o [1]
eIntEnter               0x00808a     0x8  Code  Gb  easyRTOSkernel.o [1]
eIntExit                0x008080     0xa  Code  Gb  easyRTOSkernel.o [1]
eMalloc                 0x008b2c    0x1d  Code  Gb  easyRTOSMm.o [1]
eMemInit                0x008b49    0x12  Code  Gb  easyRTOSMm.o [1]
eQueueCreate            0x008fd4    0x2f  Code  Gb  easyRTOSQueue.o [1]
eQueueGive              0x0087b9    0xe2  Code  Gb  easyRTOSQueue.o [1]
eQueueTake              0x0086cd    0xec  Code  Gb  easyRTOSQueue.o [1]
eQueueTimerCallback     0x008eda    0x47  Code  Lc  easyRTOSQueue.o [1]
eTaskCreat              0x00830c    0xd9  Code  Gb  easyRTOSkernel.o [1]
eTaskSwitch             0x008092    0x1e  Code  Lc  easyRTOSkernel.o [1]
eTimerCallbacks         0x008a12    0xa6  Code  Lc  easyRTOSTimer.o [1]
eTimerCancel            0x008e3f    0x50  Code  Gb  easyRTOSTimer.o [1]
eTimerDelay             0x008bd5    0x79  Code  Gb  easyRTOSTimer.o [1]
eTimerDelayCallback     0x008fa2    0x32  Code  Lc  easyRTOSTimer.o [1]
eTimerRegister          0x008f66    0x3c  Code  Gb  easyRTOSTimer.o [1]
eTimerTick              0x00914c    0x18  Code  Gb  easyRTOSTimer.o [1]
easyITCnt               0x00142c     0x2  Data  Lc  easyRTOSkernel.o [1]
easyRTOSInit            0x0082db    0x31  Code  Gb  easyRTOSkernel.o [1]
easyRTOSSched           0x00822e    0x80  Code  Gb  easyRTOSkernel.o [1]
easyRTOSStart           0x0082bb    0x20  Code  Gb  easyRTOSkernel.o [1]
easyRTOSStarted         0x00142e     0x1  Data  Gb  easyRTOSkernel.o [1]
exit                    0x009321     0x3  Code  Gb  exit.o [4]
findFitBp               0x008d2d    0x5e  Code  Lc  easyRTOSMm.o [1]
heapRoom                0x000010  0x1388  Data  Lc  queueTestmain.o [1]
idleTask                0x009327     0x2  Code  Lc  easyRTOSkernel.o [1]
idleTcb                 0x001398    0x22  Data  Lc  easyRTOSkernel.o [1]
main                    0x00889b    0xcc  Code  Gb  queueTestmain.o [1]
memBlockInit            0x008ab8    0x49  Code  Lc  easyRTOSMm.o [1]
mem_brk                 0x001422     0x2  Data  Lc  easyRTOSMm.o [1]
mem_heap                0x001420     0x2  Data  Lc  easyRTOSMm.o [1]
memcpy                  0x009003    0x25  Code  Gb  memcpy.o [4]
placeBlock              0x008d8b    0x5c  Code  Lc  easyRTOSMm.o [1]
qQueue                  0x0013fe    0x1a  Data  Gb  queueTestmain.o [1]
queueTaskFunc           0x009101    0x1a  Code  Gb  queueTestmain.o [1]
queueTcb                0x0013dc    0x22  Data  Gb  queueTestmain.o [1]
queue_insert            0x008b5b    0x7a  Code  Lc  easyRTOSQueue.o [1]
queue_remove            0x008c4e    0x78  Code  Lc  easyRTOSQueue.o [1]
systemTicks             0x001418     0x4  Data  Lc  easyRTOSTimer.o [1]
taskShell               0x0090e7    0x1a  Code  Lc  easyRTOSport.o [1]
tcbEnqueuePriority      0x0081b6    0x6f  Code  Gb  easyRTOSkernel.o [1]
tcb_dequeue_entry       0x0080e2    0x96  Code  Gb  easyRTOSkernel.o [1]
tcb_dequeue_head        0x008178    0x29  Code  Gb  easyRTOSkernel.o [1]
tcb_dequeue_priority    0x0080b0    0x32  Code  Gb  easyRTOSkernel.o [1]
tcb_readyQ              0x00142a     0x2  Data  Gb  easyRTOSkernel.o [1]
testTaskFunc            0x008e8f    0x4b  Code  Gb  queueTestmain.o [1]
testTcb                 0x0013ba    0x22  Data  Gb  queueTestmain.o [1]
timer_queue             0x001426     0x2  Data  Lc  easyRTOSTimer.o [1]


[1] = D:\projects\easyRTOS\Debug\Obj
[2] = command line
[3] = dbgstm8smd.a
[4] = dlstm8smn.a

  4 754 bytes of readonly  code memory
    152 bytes of readonly  data memory
  5 423 bytes of readwrite data memory

Errors: none
Warnings: none
